// Vitest Snapshot v1, https://vitest.dev/guide/snapshot.html

exports[`ChooseMinifig > should create a snapshot 1`] = `
<div
  className="flex flex-col gap-6 p-4 xl:mx-auto xl:min-h-dvh xl:w-maxWidth xl:p-0 xl:py-12"
>
  <form
    action="#"
    className="flex flex-col gap-16 lg:grid lg:min-h-[calc(100dvh-96px)] lg:grid-cols-checkoutGrid lg:gap-24"
    onReset={[Function]}
    onSubmit={[Function]}
  >
    <div
      className="flex flex-col gap-8 lg:justify-center"
    >
      <h1
        className="text-2xl font-extrabold uppercase text-white lg:text-3xl"
      >
        Shipping details
      </h1>
      <div
        className="flex flex-col gap-4"
      >
        <div
          className="flex flex-col gap-4 lg:w-full lg:flex-row"
        >
          <label
            className="lg:min-w-xs form-control w-full"
          >
            <div
              className="label px-0 pb-1"
            >
              <span
                className="label-text font-bold text-white"
              >
                Name
              </span>
            </div>
            <input
              className="lg:min-w-xs input input-bordered w-full bg-white text-info-content placeholder:text-gray-400"
              name="name"
              onBlur={[Function]}
              onChange={[Function]}
              placeholder="Type here"
              type="text"
              value=""
            />
          </label>
          <label
            className="lg:min-w-xs form-control w-full"
          >
            <div
              className="label px-0 pb-1"
            >
              <span
                className="label-text font-bold text-white"
              >
                Surname
              </span>
            </div>
            <input
              className="lg:min-w-xs input input-bordered w-full bg-white text-info-content placeholder:text-gray-400"
              name="surname"
              onBlur={[Function]}
              onChange={[Function]}
              placeholder="Type here"
              type="text"
              value=""
            />
          </label>
        </div>
        <label
          className="lg:min-w-xs form-control w-full"
        >
          <div
            className="label px-0 pb-1"
          >
            <span
              className="label-text font-bold text-white"
            >
              Phone number
            </span>
          </div>
          <input
            className="lg:min-w-xs input input-bordered w-full bg-white text-info-content placeholder:text-gray-400"
            name="phoneNumber"
            onBlur={[Function]}
            onChange={[Function]}
            placeholder="Type here"
            type="text"
            value=""
          />
        </label>
        <label
          className="lg:min-w-xs form-control w-full"
        >
          <div
            className="label px-0 pb-1"
          >
            <span
              className="label-text font-bold text-white"
            >
              Email
            </span>
          </div>
          <input
            className="lg:min-w-xs input input-bordered w-full bg-white text-info-content placeholder:text-gray-400"
            name="email"
            onBlur={[Function]}
            onChange={[Function]}
            placeholder="Type here"
            type="text"
            value=""
          />
        </label>
        <label
          className="lg:min-w-xs form-control w-full"
        >
          <div
            className="label px-0 pb-1"
          >
            <span
              className="label-text font-bold text-white"
            >
              Date of birth
            </span>
          </div>
          <input
            className="lg:min-w-xs input input-bordered w-full bg-white text-info-content placeholder:text-gray-400"
            name="dateOfBirth"
            onBlur={[Function]}
            onChange={[Function]}
            placeholder="Type here"
            type="date"
            value=""
          />
        </label>
        <label
          className="lg:min-w-xs form-control w-full"
        >
          <div
            className="label px-0 pb-1"
          >
            <span
              className="label-text font-bold text-white"
            >
              Address
            </span>
          </div>
          <input
            className="lg:min-w-xs input input-bordered w-full bg-white text-info-content placeholder:text-gray-400"
            name="address"
            onBlur={[Function]}
            onChange={[Function]}
            placeholder="Type here"
            type="text"
            value=""
          />
        </label>
        <label
          className="lg:min-w-xs form-control w-full"
        >
          <div
            className="label px-0 pb-1"
          >
            <span
              className="label-text font-bold text-white"
            >
              City
            </span>
          </div>
          <input
            className="lg:min-w-xs input input-bordered w-full bg-white text-info-content placeholder:text-gray-400"
            name="city"
            onBlur={[Function]}
            onChange={[Function]}
            placeholder="Type here"
            type="text"
            value=""
          />
        </label>
        <div
          className="flex flex-col gap-4 lg:w-full lg:flex-row"
        >
          <label
            className="lg:min-w-xs form-control w-full"
          >
            <div
              className="label px-0 pb-1"
            >
              <span
                className="label-text font-bold text-white"
              >
                State
              </span>
            </div>
            <input
              className="lg:min-w-xs input input-bordered w-full bg-white text-info-content placeholder:text-gray-400"
              name="state"
              onBlur={[Function]}
              onChange={[Function]}
              placeholder="Type here"
              type="text"
              value=""
            />
          </label>
          <label
            className="lg:min-w-xs form-control w-full"
          >
            <div
              className="label px-0 pb-1"
            >
              <span
                className="label-text font-bold text-white"
              >
                Zip code
              </span>
            </div>
            <input
              className="lg:min-w-xs input input-bordered w-full bg-white text-info-content placeholder:text-gray-400"
              name="zipCode"
              onBlur={[Function]}
              onChange={[Function]}
              placeholder="Type here"
              type="text"
              value=""
            />
          </label>
        </div>
      </div>
    </div>
    <div
      className="flex flex-col gap-8 rounded-3xl bg-white p-6 lg:justify-between lg:gap-4"
    >
      <div
        className="flex flex-col gap-8"
      >
        <h2
          className="text-2xl font-bold uppercase text-info-content"
        >
          Summary
        </h2>
        <div
          className="flex flex-col items-center gap-2"
        >
          <div
            className="flex size-48 items-center justify-center rounded-full bg-gray-100"
          >
            <svg
              className="size-24"
              height="1em"
              viewBox="0 0 16 16"
              width="1em"
              xmlns="http://www.w3.org/2000/svg"
            >
              <path
                d="M15.5 7h-.7c-.4-1.2-1.5-2-2.8-2s-2.4.9-2.8 2.1c-.3-.4-.7-.6-1.2-.6s-.9.2-1.2.6C6.4 5.9 5.3 5 4 5s-2.4.9-2.8 2H.5c-.3 0-.5.2-.5.5s.2.5.5.5H1c0 1.7 1.3 3 3 3c1.5 0 2.7-1.1 3-2.5c.3 0 .5-.2.5-.5s.2-.5.5-.5s.5.2.5.5s.2.5.5.5c.2 1.4 1.5 2.5 3 2.5c1.7 0 3-1.3 3-3h.5c.3 0 .5-.2.5-.5s-.2-.5-.5-.5M4 10c-1.1 0-2-.9-2-2s.9-2 2-2s2 .9 2 2s-.9 2-2 2m8 0c-1.1 0-2-.9-2-2s.9-2 2-2s2 .9 2 2s-.9 2-2 2"
                fill="currentColor"
              />
            </svg>
          </div>
          <span
            className="text-center text-base font-bold text-info-content"
          >
            Minifig
          </span>
        </div>
        <div
          className="flex flex-col gap-4"
        >
          <span
            className="font-bold text-info-content"
          >
            There are 
            2
             parts in this minifig:
          </span>
          <div
            className="flex gap-3"
          >
            <div
              className="flex flex-col"
            >
              <span
                className="line-clamp-1 text-sm font-bold text-info-content"
              >
                Part 1
              </span>
              <span
                className="text-xs text-accent"
              >
                p1
              </span>
            </div>
          </div>
          <div
            className="flex gap-3"
          >
            <div
              className="flex flex-col"
            >
              <span
                className="line-clamp-1 text-sm font-bold text-info-content"
              >
                Part 2
              </span>
              <span
                className="text-xs text-accent"
              >
                p2
              </span>
            </div>
          </div>
        </div>
      </div>
      <button
        className="btn btn-primary w-full disabled:text-info-content"
        disabled={true}
        type="submit"
      >
        Submit
      </button>
    </div>
  </form>
</div>
`;

exports[`ChooseMinifig > should create a snapshot with empty cart 1`] = `
<div
  className="flex min-h-dvh items-center justify-center p-4 xl:mx-auto xl:w-maxWidth"
>
  <div
    className="flex w-full flex-col items-center gap-12 rounded-3xl bg-white p-4 lg:w-fit lg:p-12"
  >
    <div
      className="flex flex-col gap-2"
    >
      <h1
        className="text-center text-2xl font-bold uppercase text-info-content"
      >
        Your cart is empty!
      </h1>
      <p
        className="text-center text-base text-gray-400"
      >
        Please choose your minifig.
      </p>
    </div>
    <a
      className="w-full lg:w-fit"
      href="/choose-minifig"
      onClick={[Function]}
    >
      <button
        className="btn btn-primary w-full text-white"
      >
        Select minifig
      </button>
    </a>
  </div>
</div>
`;
